// Jest Snapshot v1, https://goo.gl/fbAQLP

exports[`ComponentLoading component should render without crashing 1`] = `
<styled.div>
  <Loading />
</styled.div>
`;
