// Jest Snapshot v1, https://goo.gl/fbAQLP

exports[`PageLoading component should render without crashing 1`] = `
<styled.div>
  <styled.div>
    <Loading />
  </styled.div>
</styled.div>
`;
