// Jest Snapshot v1, https://goo.gl/fbAQLP

exports[`Review component should render without crashing 1`] = `
<Provider
  store={
    Object {
      "clearActions": [Function],
      "dispatch": [Function],
      "getActions": [Function],
      "getState": [Function],
      "replaceReducer": [Function],
      "subscribe": [Function],
    }
  }
>
  <Review
    rawData={
      Object {
        "byline": "criticName",
        "critics_pick": 0,
        "display_title": "title",
        "link": Object {
          "url": "#",
        },
        "multimedia": null,
        "publication_date": "01-01-2020",
        "summary_short": "description",
      }
    }
  >
    <styled.div>
      <StyledComponent
        forwardedComponent={
          Object {
            "$$typeof": Symbol(react.forward_ref),
            "attrs": Array [],
            "componentStyle": ComponentStyle {
              "componentId": "sc-bdVaJa",
              "isStatic": false,
              "lastClassName": "bOtZPJ",
              "rules": Array [
                "
  display: flex;
  align-items: center;
  justify-content: space-between;
  padding: 20px;
  margin-top: 15px;
  border-radius: 4px;
  background: #fff;

  &:hover {
    background: ",
                "#f5f5f5",
                ";
  }

  div {
    strong {
      display: block;
      font-size: 20px;
    }

    small {
      display: flex;
      align-items: stretch;
      padding: 0;
      margin: 2px 0 0 0;
      color: #999;

      img {
        width: 16px;
        height: 16px;
        padding: 0;
        margin: 0 4px 0 0;
      }
    }

    span {
      display: block;
      margin-top: 15px;
      color: #000000;
    }

    a {
      display: block;
      margin-top: 15px;
      color: #999;
      font-weight: bold;

      &:hover {
        color: ",
                "#191919",
                ";
      }
    }

    button {
      display: block;
      margin-top: 5px;
      color: #999;
      background-color: transparent;
      font-weight: bold;
      border: none;
      cursor: pointer;

      &:hover {
        color: ",
                "#191919",
                ";
      }
    }
  }

  img {
    margin: 0 0 0 20px;
    height: 120px;

    @media (max-width: 480px) {
      display: none;
    }
  }
",
              ],
            },
            "displayName": "styled.div",
            "foldedComponentIds": Array [],
            "render": [Function],
            "styledComponentId": "sc-bdVaJa",
            "target": "div",
            "toString": [Function],
            "warnTooManyClasses": [Function],
            "withComponent": [Function],
          }
        }
        forwardedRef={null}
      >
        <div
          className="sc-bdVaJa bOtZPJ"
        >
          <div>
            <strong>
              title
            </strong>
            <small>
              01/01/2020
            </small>
            <small>
              By 
              criticName
            </small>
            <span>
              description
            </span>
            <a
              href="#"
              rel="noopener noreferrer"
              target="_blank"
            >
              Read review
            </a>
            <button
              onClick={[Function]}
              type="button"
            >
              Add to favorites
            </button>
          </div>
          <img
            alt="MovieImage"
            src="empty-image.svg"
          />
        </div>
      </StyledComponent>
    </styled.div>
  </Review>
</Provider>
`;
